[    0.000000] Linux version 4.15.0-208-generic (buildd@lcy02-amd64-015) (gcc version 7.5.0 (Ubuntu 7.5.0-3ubuntu1~18.04)) #220-Ubuntu SMP Mon Mar 20 14:27:01 UTC 2023 (Ubuntu 4.15.0-208.220-generic 4.15.18)
[    0.000000] Command line: BOOT_IMAGE=/boot/vmlinuz-4.15.0-208-generic root=LABEL=cloudimg-rootfs ro console=tty1 console=ttyS0
[    0.000000] KERNEL supported cpus:
[    0.000000]   Intel GenuineIntel
[    0.000000]   AMD AuthenticAMD
[    0.000000]   Centaur CentaurHauls
[    0.000000] x86/fpu: Supporting XSAVE feature 0x001: 'x87 floating point registers'
[    0.000000] x86/fpu: Supporting XSAVE feature 0x002: 'SSE registers'
[    0.000000] x86/fpu: Supporting XSAVE feature 0x004: 'AVX registers'
[    0.000000] x86/fpu: xstate_offset[2]:  576, xstate_sizes[2]:  256
[    0.000000] x86/fpu: Enabled xstate features 0x7, context size is 832 bytes, using 'standard' format.
[    0.000000] e820: BIOS-provided physical RAM map:
[    0.000000] BIOS-e820: [mem 0x0000000000000000-0x000000000009fbff] usable
[    0.000000] BIOS-e820: [mem 0x000000000009fc00-0x000000000009ffff] reserved
[    0.000000] BIOS-e820: [mem 0x00000000000f0000-0x00000000000fffff] reserved
[    0.000000] BIOS-e820: [mem 0x0000000000100000-0x000000003ffeffff] usable
[    0.000000] BIOS-e820: [mem 0x000000003fff0000-0x000000003fffffff] ACPI data
[    0.000000] BIOS-e820: [mem 0x00000000fec00000-0x00000000fec00fff] reserved
[    0.000000] BIOS-e820: [mem 0x00000000fee00000-0x00000000fee00fff] reserved
[    0.000000] BIOS-e820: [mem 0x00000000fffc0000-0x00000000ffffffff] reserved
[    0.000000] NX (Execute Disable) protection: active
[    0.000000] SMBIOS 2.5 present.
[    0.000000] DMI: innotek GmbH VirtualBox/VirtualBox, BIOS VirtualBox 12/01/2006
[    0.000000] Hypervisor detected: KVM
[    0.000000] e820: last_pfn = 0x3fff0 max_arch_pfn = 0x400000000
[    0.000000] MTRR: Disabled
[    0.000000] x86/PAT: MTRRs disabled, skipping PAT initialization too.
[    0.000000] CPU MTRRs all blank - virtualized system.
[    0.000000] x86/PAT: Configuration [0-7]: WB  WT  UC- UC  WB  WT  UC- UC  
[    0.000000] found SMP MP-table at [mem 0x0009fff0-0x0009ffff]
[    0.000000] Scanning 1 areas for low memory corruption
[    0.000000] RAMDISK: [mem 0x359c9000-0x36cdbfff]
[    0.000000] ACPI: Early table checksum verification disabled
[    0.000000] ACPI: RSDP 0x00000000000E0000 000024 (v02 VBOX  )
[    0.000000] ACPI: XSDT 0x000000003FFF0030 00003C (v01 VBOX   VBOXXSDT 00000001 ASL  00000061)
[    0.000000] ACPI: FACP 0x000000003FFF00F0 0000F4 (v04 VBOX   VBOXFACP 00000001 ASL  00000061)
[    0.000000] ACPI: DSDT 0x000000003FFF0610 002353 (v02 VBOX   VBOXBIOS 00000002 INTL 20200528)
[    0.000000] ACPI: FACS 0x000000003FFF0200 000040
[    0.000000] ACPI: FACS 0x000000003FFF0200 000040
[    0.000000] ACPI: APIC 0x000000003FFF0240 00005C (v02 VBOX   VBOXAPIC 00000001 ASL  00000061)
[    0.000000] ACPI: SSDT 0x000000003FFF02A0 00036C (v01 VBOX   VBOXCPUT 00000002 INTL 20200528)
[    0.000000] ACPI: Reserving FACP table memory at [mem 0x3fff00f0-0x3fff01e3]
[    0.000000] ACPI: Reserving DSDT table memory at [mem 0x3fff0610-0x3fff2962]
[    0.000000] ACPI: Reserving FACS table memory at [mem 0x3fff0200-0x3fff023f]
[    0.000000] ACPI: Reserving FACS table memory at [mem 0x3fff0200-0x3fff023f]
[    0.000000] ACPI: Reserving APIC table memory at [mem 0x3fff0240-0x3fff029b]
[    0.000000] ACPI: Reserving SSDT table memory at [mem 0x3fff02a0-0x3fff060b]
[    0.000000] No NUMA configuration found
[    0.000000] Faking a node at [mem 0x0000000000000000-0x000000003ffeffff]
[    0.000000] NODE_DATA(0) allocated [mem 0x3ffc5000-0x3ffeffff]
[    0.000000] kvm-clock: cpu 0, msr 0:3ff44001, primary cpu clock
[    0.000000] kvm-clock: Using msrs 4b564d01 and 4b564d00
[    0.000000] kvm-clock: using sched offset of 3457899658 cycles
[    0.000000] clocksource: kvm-clock: mask: 0xffffffffffffffff max_cycles: 0x1cd42e4dffb, max_idle_ns: 881590591483 ns
[    0.000000] Zone ranges:
[    0.000000]   DMA      [mem 0x0000000000001000-0x0000000000ffffff]
[    0.000000]   DMA32    [mem 0x0000000001000000-0x000000003ffeffff]
[    0.000000]   Normal   empty
[    0.000000]   Device   empty
[    0.000000] Movable zone start for each node
[    0.000000] Early memory node ranges
[    0.000000]   node   0: [mem 0x0000000000001000-0x000000000009efff]
[    0.000000]   node   0: [mem 0x0000000000100000-0x000000003ffeffff]
[    0.000000] Reserved but unavailable: 104 pages
[    0.000000] Initmem setup node 0 [mem 0x0000000000001000-0x000000003ffeffff]
[    0.000000] ACPI: PM-Timer IO Port: 0x4008
[    0.000000] IOAPIC[0]: apic_id 2, version 32, address 0xfec00000, GSI 0-23
[    0.000000] ACPI: INT_SRC_OVR (bus 0 bus_irq 0 global_irq 2 dfl dfl)
[    0.000000] ACPI: INT_SRC_OVR (bus 0 bus_irq 9 global_irq 9 low level)
[    0.000000] Using ACPI (MADT) for SMP configuration information
[    0.000000] smpboot: Allowing 2 CPUs, 0 hotplug CPUs
[    0.000000] PM: Registered nosave memory: [mem 0x00000000-0x00000fff]
[    0.000000] PM: Registered nosave memory: [mem 0x0009f000-0x0009ffff]
[    0.000000] PM: Registered nosave memory: [mem 0x000a0000-0x000effff]
[    0.000000] PM: Registered nosave memory: [mem 0x000f0000-0x000fffff]
[    0.000000] e820: [mem 0x40000000-0xfebfffff] available for PCI devices
[    0.000000] Booting paravirtualized kernel on KVM
[    0.000000] clocksource: refined-jiffies: mask: 0xffffffff max_cycles: 0xffffffff, max_idle_ns: 7645519600211568 ns
[    0.000000] setup_percpu: NR_CPUS:8192 nr_cpumask_bits:2 nr_cpu_ids:2 nr_node_ids:1
[    0.000000] percpu: Embedded 50 pages/cpu s167936 r8192 d28672 u1048576
[    0.000000] PV qspinlock hash table entries: 256 (order: 0, 4096 bytes)
[    0.000000] Built 1 zonelists, mobility grouping on.  Total pages: 257913
[    0.000000] Policy zone: DMA32
[    0.000000] Kernel command line: BOOT_IMAGE=/boot/vmlinuz-4.15.0-208-generic root=LABEL=cloudimg-rootfs ro console=tty1 console=ttyS0
[    0.000000] Memory: 982640K/1048120K available (12300K kernel code, 2477K rwdata, 4324K rodata, 2480K init, 2720K bss, 65480K reserved, 0K cma-reserved)
[    0.000000] SLUB: HWalign=64, Order=0-3, MinObjects=0, CPUs=2, Nodes=1
[    0.000000] Kernel/User page tables isolation: enabled
[    0.000000] ftrace: allocating 39494 entries in 155 pages
[    0.004000] Hierarchical RCU implementation.
[    0.004000] 	RCU restricting CPUs from NR_CPUS=8192 to nr_cpu_ids=2.
[    0.004000] 	Tasks RCU enabled.
[    0.004000] RCU: Adjusting geometry for rcu_fanout_leaf=16, nr_cpu_ids=2
[    0.004000] NR_IRQS: 524544, nr_irqs: 440, preallocated irqs: 16
[    0.004000] random: crng init done
[    0.004000] Console: colour VGA+ 80x25
[    0.004000] console [tty1] enabled
[    0.004000] console [ttyS0] enabled
[    0.004000] ACPI: Core revision 20170831
[    0.004000] ACPI: 2 ACPI AML tables successfully acquired and loaded
[    0.004000] APIC: Switch to symmetric I/O mode setup
[    0.004247] x2apic enabled
[    0.007253] Switched APIC routing to physical x2apic.
[    0.012000] ..TIMER: vector=0x30 apic1=0 pin1=2 apic2=-1 pin2=-1
[    0.012004] tsc: Detected 2412.872 MHz processor
[    0.016011] Calibrating delay loop (skipped) preset value.. 4825.74 BogoMIPS (lpj=9651488)
[    0.020004] pid_max: default: 32768 minimum: 301
[    0.024043] Security Framework initialized
[    0.026867] Yama: becoming mindful.
[    0.028048] AppArmor: AppArmor initialized
[    0.033356] Dentry cache hash table entries: 131072 (order: 8, 1048576 bytes)
[    0.036676] Inode-cache hash table entries: 65536 (order: 7, 524288 bytes)
[    0.040047] Mount-cache hash table entries: 2048 (order: 2, 16384 bytes)
[    0.044112] Mountpoint-cache hash table entries: 2048 (order: 2, 16384 bytes)
[    0.052228] Last level iTLB entries: 4KB 64, 2MB 8, 4MB 8
[    0.055172] Last level dTLB entries: 4KB 64, 2MB 0, 4MB 0, 1GB 4
[    0.056015] Spectre V1 : Mitigation: usercopy/swapgs barriers and __user pointer sanitization
[    0.064004] Spectre V2 : Mitigation: Retpolines
[    0.066724] Spectre V2 : Spectre v2 / SpectreRSB mitigation: Filling RSB on context switch
[    0.068004] Spectre V2 : Spectre v2 / SpectreRSB : Filling RSB on VMEXIT
[    0.072004] RETBleed: WARNING: Spectre v2 mitigation leaves CPU vulnerable to RETBleed attacks, data leaks possible!
[    0.076004] RETBleed: Vulnerable
[    0.077982] Speculative Store Bypass: Vulnerable
[    0.080100] MDS: Mitigation: Clear CPU buffers
[    0.082628] MMIO Stale Data: Mitigation: Clear CPU buffers
[    0.084015] SRBDS: Unknown: Dependent on hypervisor status
[    0.088168] Freeing SMP alternatives memory: 36K
[    0.206552] APIC calibration not consistent with PM-Timer: 101ms instead of 100ms
[    0.208000] APIC delta adjusted to PM-Timer: 6268505 (6379830)
[    0.212000] smpboot: CPU0: Intel(R) Core(TM) i5-8279U CPU @ 2.40GHz (family: 0x6, model: 0x8e, stepping: 0xa)
[    0.212233] Performance Events: unsupported p6 CPU model 142 no PMU driver, software events only.
[    0.216076] Hierarchical SRCU implementation.
[    0.220586] NMI watchdog: Perf event create on CPU 0 failed with -2
[    0.224005] NMI watchdog: Perf NMI watchdog permanently disabled
[    0.228175] smp: Bringing up secondary CPUs ...
[    0.232382] x86: Booting SMP configuration:
[    0.234709] .... node  #0, CPUs:      #1
[    0.004000] kvm-clock: cpu 1, msr 0:3ff44041, secondary cpu clock
[    0.240123] smp: Brought up 1 node, 2 CPUs
[    0.244009] smpboot: Max logical packages: 1
[    0.246403] smpboot: Total of 2 processors activated (9651.48 BogoMIPS)
[    0.252004] devtmpfs: initialized
[    0.254286] x86/mm: Memory block size: 128MB
[    0.256260] evm: security.selinux
[    0.258445] evm: security.SMACK64
[    0.260004] evm: security.SMACK64EXEC
[    0.264003] evm: security.SMACK64TRANSMUTE
[    0.266493] evm: security.SMACK64MMAP
[    0.268004] evm: security.apparmor
[    0.269907] evm: security.ima
[    0.272002] evm: security.capability
[    0.274112] clocksource: jiffies: mask: 0xffffffff max_cycles: 0xffffffff, max_idle_ns: 7645041785100000 ns
[    0.276041] futex hash table entries: 512 (order: 3, 32768 bytes)
[    0.280074] pinctrl core: initialized pinctrl subsystem
[    0.284213] RTC time: 16:03:46, date: 04/27/23
[    0.288180] NET: Registered protocol family 16
[    0.290782] audit: initializing netlink subsys (disabled)
[    0.292081] audit: type=2000 audit(1682611442.174:1): state=initialized audit_enabled=0 res=1
[    0.296022] cpuidle: using governor ladder
[    0.298642] cpuidle: using governor menu
[    0.300071] ACPI: bus type PCI registered
[    0.302949] acpiphp: ACPI Hot Plug PCI Controller Driver version: 0.5
[    0.308004] PCI: Using configuration type 1 for base access
[    0.313094] HugeTLB registered 2.00 MiB page size, pre-allocated 0 pages
[    0.316155] ACPI: Added _OSI(Module Device)
[    0.320010] ACPI: Added _OSI(Processor Device)
[    0.322578] ACPI: Added _OSI(3.0 _SCP Extensions)
[    0.324003] ACPI: Added _OSI(Processor Aggregator Device)
[    0.328003] ACPI: Added _OSI(Linux-Dell-Video)
[    0.330421] ACPI: Added _OSI(Linux-Lenovo-NV-HDMI-Audio)
[    0.332002] ACPI: Added _OSI(Linux-HPI-Hybrid-Graphics)
[    0.337178] ACPI: Executed 1 blocks of module-level executable AML code
[    0.346897] ACPI: Interpreter enabled
[    0.348022] ACPI: (supports S0 S5)
[    0.349937] ACPI: Using IOAPIC for interrupt routing
[    0.352405] PCI: Using host bridge windows from ACPI; if necessary, use "pci=nocrs" and report a bug
[    0.356254] ACPI: Enabled 2 GPEs in block 00 to 07
[    0.372000] ACPI: PCI Root Bridge [PCI0] (domain 0000 [bus 00-ff])
[    0.372008] acpi PNP0A03:00: _OSC: OS supports [ASPM ClockPM Segments MSI]
[    0.377068] acpi PNP0A03:00: _OSC: not requesting OS control; OS requires [ExtendedConfig ASPM ClockPM MSI]
[    0.380057] acpi PNP0A03:00: fail to add MMCONFIG information, can't access extended PCI configuration space under this bridge.
[    0.384645] PCI host bridge to bus 0000:00
[    0.386952] pci_bus 0000:00: root bus resource [io  0x0000-0x0cf7 window]
[    0.388008] pci_bus 0000:00: root bus resource [io  0x0d00-0xffff window]
[    0.392008] pci_bus 0000:00: root bus resource [mem 0x000a0000-0x000bffff window]
[    0.396013] pci_bus 0000:00: root bus resource [mem 0x40000000-0xfdffffff window]
[    0.400008] pci_bus 0000:00: root bus resource [bus 00-ff]
[    0.408688] pci 0000:00:01.1: legacy IDE quirk: reg 0x10: [io  0x01f0-0x01f7]
[    0.412007] pci 0000:00:01.1: legacy IDE quirk: reg 0x14: [io  0x03f6]
[    0.415433] pci 0000:00:01.1: legacy IDE quirk: reg 0x18: [io  0x0170-0x0177]
[    0.416003] pci 0000:00:01.1: legacy IDE quirk: reg 0x1c: [io  0x0376]
[    0.469230] pci 0000:00:07.0: quirk: [io  0x4000-0x403f] claimed by PIIX4 ACPI
[    0.472031] pci 0000:00:07.0: quirk: [io  0x4100-0x410f] claimed by PIIX4 SMB
[    0.493862] ACPI: PCI Interrupt Link [LNKA] (IRQs 5 9 10 *11)
[    0.496464] ACPI: PCI Interrupt Link [LNKB] (IRQs 5 9 *10 11)
[    0.500171] ACPI: PCI Interrupt Link [LNKC] (IRQs 5 *9 10 11)
[    0.503383] ACPI: PCI Interrupt Link [LNKD] (IRQs 5 9 10 *11)
[    0.504475] SCSI subsystem initialized
[    0.508126] pci 0000:00:02.0: vgaarb: setting as boot VGA device
[    0.511396] pci 0000:00:02.0: vgaarb: VGA device added: decodes=io+mem,owns=io+mem,locks=none
[    0.512030] pci 0000:00:02.0: vgaarb: bridge control possible
[    0.516004] vgaarb: loaded
[    0.520042] ACPI: bus type USB registered
[    0.522289] usbcore: registered new interface driver usbfs
[    0.524026] usbcore: registered new interface driver hub
[    0.528032] usbcore: registered new device driver usb
[    0.532094] EDAC MC: Ver: 3.0.0
[    0.534669] PCI: Using ACPI for IRQ routing
[    0.536625] NetLabel: Initializing
[    0.538546] NetLabel:  domain hash size = 128
[    0.540003] NetLabel:  protocols = UNLABELED CIPSOv4 CALIPSO
[    0.544082] NetLabel:  unlabeled traffic allowed by default
[    0.548141] clocksource: Switched to clocksource kvm-clock
[    0.571021] VFS: Disk quotas dquot_6.6.0
[    0.573732] VFS: Dquot-cache hash table entries: 512 (order 0, 4096 bytes)
[    0.577689] AppArmor: AppArmor Filesystem Enabled
[    0.580427] pnp: PnP ACPI init
[    0.584116] pnp: PnP ACPI: found 3 devices
[    0.602264] clocksource: acpi_pm: mask: 0xffffff max_cycles: 0xffffff, max_idle_ns: 2085701024 ns
[    0.607784] NET: Registered protocol family 2
[    0.610640] IP idents hash table entries: 16384 (order: 5, 131072 bytes)
[    0.614945] TCP established hash table entries: 8192 (order: 4, 65536 bytes)
[    0.619007] TCP bind hash table entries: 8192 (order: 5, 131072 bytes)
[    0.622738] TCP: Hash tables configured (established 8192 bind 8192)
[    0.627335] UDP hash table entries: 512 (order: 2, 16384 bytes)
[    0.630599] UDP-Lite hash table entries: 512 (order: 2, 16384 bytes)
[    0.634861] NET: Registered protocol family 1
[    0.637308] pci 0000:00:00.0: Limiting direct PCI/PCI transfers
[    0.641295] pci 0000:00:01.0: Activating ISA DMA hang workarounds
[    0.645488] pci 0000:00:02.0: Video device with shadowed ROM at [mem 0x000c0000-0x000dffff]
[    0.650207] Unpacking initramfs...
[    0.967268] Freeing initrd memory: 19532K
[    0.969722] clocksource: tsc: mask: 0xffffffffffffffff max_cycles: 0x22c7b74c9de, max_idle_ns: 440795271430 ns
[    0.975203] platform rtc_cmos: registered platform RTC device (no PNP device found)
[    0.979438] Scanning for low memory corruption every 60 seconds
[    0.985182] Initialise system trusted keyrings
[    0.988366] Key type blacklist registered
[    0.991980] workingset: timestamp_bits=36 max_order=18 bucket_order=0
[    0.996954] zbud: loaded
[    0.999539] squashfs: version 4.0 (2009/01/31) Phillip Lougher
[    1.003890] fuse init (API version 7.26)
[    1.016149] Key type asymmetric registered
[    1.018703] Asymmetric key parser 'x509' registered
[    1.021892] Block layer SCSI generic (bsg) driver version 0.4 loaded (major 246)
[    1.026412] io scheduler noop registered
[    1.028763] io scheduler deadline registered
[    1.031395] io scheduler cfq registered (default)
[    1.034662] ACPI: AC Adapter [AC] (on-line)
[    1.037036] input: Power Button as /devices/LNXSYSTM:00/LNXPWRBN:00/input/input0
[    1.041767] ACPI: Power Button [PWRF]
[    1.043956] input: Sleep Button as /devices/LNXSYSTM:00/LNXSLPBN:00/input/input1
[    1.048048] ACPI: Sleep Button [SLPF]
[    1.052288] Serial: 8250/16550 driver, 32 ports, IRQ sharing enabled
[    1.053442] ACPI: Battery Slot [BAT0] (battery present)
[    1.086842] 00:02: ttyS0 at I/O 0x3f8 (irq = 4, base_baud = 115200) is a 16550A
[    1.090077] Linux agpgart interface v0.103
[    1.098541] loop: module loaded
[    1.102616] scsi host0: ata_piix
[    1.105151] scsi host1: ata_piix
[    1.107269] ata1: PATA max UDMA/33 cmd 0x1f0 ctl 0x3f6 bmdma 0xd000 irq 14
[    1.109138] ata2: PATA max UDMA/33 cmd 0x170 ctl 0x376 bmdma 0xd008 irq 15
[    1.117341] tun: Universal TUN/TAP device driver, 1.6
[    1.120059] PPP generic driver version 2.4.2
[    1.124067] ehci_hcd: USB 2.0 'Enhanced' Host Controller (EHCI) Driver
[    1.127777] ehci-pci: EHCI PCI platform driver
[    1.128004] ehci-platform: EHCI generic platform driver
[    1.128004] ohci_hcd: USB 1.1 'Open' Host Controller (OHCI) Driver
[    1.138965] ohci-pci: OHCI PCI platform driver
[    1.141981] ohci-platform: OHCI generic platform driver
[    1.145295] uhci_hcd: USB Universal Host Controller Interface driver
[    1.149131] i8042: PNP: PS/2 Controller [PNP0303:PS2K,PNP0f03:PS2M] at 0x60,0x64 irq 1,12
[    1.157075] serio: i8042 KBD port at 0x60,0x64 irq 1
[    1.160077] serio: i8042 AUX port at 0x60,0x64 irq 12
[    1.164171] mousedev: PS/2 mouse device common for all mice
[    1.168754] input: AT Translated Set 2 keyboard as /devices/platform/i8042/serio0/input/input2
[    1.175991] rtc_cmos rtc_cmos: rtc core: registered rtc_cmos as rtc0
[    1.179704] rtc_cmos rtc_cmos: alarms up to one day, 114 bytes nvram
[    1.183593] i2c /dev entries driver
[    1.185919] device-mapper: uevent: version 1.0.3
[    1.189041] device-mapper: ioctl: 4.37.0-ioctl (2017-09-20) initialised: dm-devel@redhat.com
[    1.194354] ledtrig-cpu: registered to indicate activity on CPUs
[    1.198917] NET: Registered protocol family 10
[    1.207512] Segment Routing with IPv6
[    1.209746] NET: Registered protocol family 17
[    1.212647] Key type dns_resolver registered
[    1.215192] mce: Using 0 MCE banks
[    1.217257] RAS: Correctable Errors collector initialized.
[    1.220357] sched_clock: Marking stable (1217184319, 0)->(1710989627, -493805308)
[    1.226495] registered taskstats version 1
[    1.228880] Loading compiled-in X.509 certificates
[    1.234970] Loaded X.509 cert 'Build time autogenerated kernel key: 05d3fa630a0ed8a65520e390196b077fd5e65720'
[    1.240749] Loaded X.509 cert 'Canonical Ltd. Live Patch Signing: 14df34d1a87cf37625abec039ef2bf521249b969'
[    1.247609] Loaded X.509 cert 'Canonical Ltd. Kernel Module Signing: 88f752e560a1e0737e31163a466ad7b70a850c19'
[    1.253939] blacklist: Loading compiled-in revocation X.509 certificates
[    1.257593] Loaded X.509 cert 'Canonical Ltd. Secure Boot Signing: 61482aa2830d0ab2ad5af10b7250da9033ddcef0'
[    1.262749] Loaded X.509 cert 'Canonical Ltd. Secure Boot Signing (2017): 242ade75ac4a15e50d50c84b0d45ff3eae707a03'
[    1.268912] Loaded X.509 cert 'Canonical Ltd. Secure Boot Signing (ESM 2018): 365188c1d374d6b07c3c8f240f8ef722433d6a8b'
[    1.275149] Loaded X.509 cert 'Canonical Ltd. Secure Boot Signing (2019): c0746fd6c5da3ae827864651ad66ae47fe24b3e8'
[    1.293694] Loaded X.509 cert 'Canonical Ltd. Secure Boot Signing (2021 v1): a8d54bbb3825cfb94fa13c9f8a594a195c107b8d'
[    1.301471] Loaded X.509 cert 'Canonical Ltd. Secure Boot Signing (2021 v2): 4cf046892d6fd3c9a5b03f98d845f90851dc6a8c'
[    1.313148] Loaded X.509 cert 'Canonical Ltd. Secure Boot Signing (2021 v3): 100437bb6de6e469b581e61cd66bce3ef4ed53af'
[    1.320119] Loaded X.509 cert 'Canonical Ltd. Secure Boot Signing (Ubuntu Core 2019): c1d57b8f6b743f23ee41f4f7ee292f06eecadfb9'
[    1.327910] zswap: loaded using pool lzo/zbud
[    1.343890] Key type big_key registered
[    1.346101] Key type trusted registered
[    1.350740] Key type encrypted registered
[    1.353091] AppArmor: AppArmor sha1 policy hashing enabled
[    1.356481] ima: No TPM chip found, activating TPM-bypass! (rc=-19)
[    1.359799] ima: Allocated hash algorithm: sha1
[    1.362432] evm: HMAC attrs: 0x1
[    1.365621]   Magic number: 3:228:86
[    1.368078] rtc_cmos rtc_cmos: setting system clock to 2023-04-27 16:03:47 UTC (1682611427)
[    1.373457] BIOS EDD facility v0.16 2004-Jun-25, 0 devices found
[    1.376899] EDD information not available.
[    1.382452] Freeing unused kernel image memory: 2480K
[    1.404258] Write protecting the kernel read-only data: 20480k
[    1.411177] Freeing unused kernel image memory: 2008K
[    1.415030] Freeing unused kernel image memory: 1820K
[    1.424126] x86/mm: Checked W+X mappings: passed, no W+X pages found.
[    1.428296] x86/mm: Checking user space page tables
[    1.436591] x86/mm: Checked W+X mappings: passed, no W+X pages found.
Loading, please wait...
starting version 237
[    1.532491] e1000: Intel(R) PRO/1000 Network Driver - version 7.3.21-k8-NAPI
[    1.537442] e1000: Copyright (c) 1999-2006 Intel Corporation.
[    1.544887] Fusion MPT base driver 3.04.20
[    1.548200] Copyright (c) 1999-2008 LSI Corporation
[    1.573691] AVX2 version of gcm_enc/dec engaged.
[    1.576431] AES CTR mode by8 optimization enabled
[    1.608021] Fusion MPT SPI Host driver 3.04.20
[    1.765423] input: ImExPS/2 Generic Explorer Mouse as /devices/platform/i8042/serio1/input/input4
[    2.053550] e1000 0000:00:03.0 eth0: (PCI:33MHz:32-bit) 02:e1:6b:97:21:6b
[    2.057827] e1000 0000:00:03.0 eth0: Intel(R) PRO/1000 Network Connection
[    2.064308] mptbase: ioc0: Initiating bringup
[    2.175658] ioc0: LSI53C1030 A0: Capabilities={Initiator}
[    2.427756] scsi host2: ioc0: LSI53C1030 A0, FwRev=00000000h, Ports=1, MaxQ=256, IRQ=20
[    2.594063] scsi 2:0:0:0: Direct-Access     VBOX     HARDDISK         1.0  PQ: 0 ANSI: 5
[    2.632404] scsi target2:0:0: Beginning Domain Validation
[    2.706117] scsi target2:0:0: Domain Validation skipping write tests
[    2.710701] scsi target2:0:0: Ending Domain Validation
[    2.714476] scsi target2:0:0: asynchronous
[    2.717842] scsi 2:0:1:0: Direct-Access     VBOX     HARDDISK         1.0  PQ: 0 ANSI: 5
[    3.024057] scsi target2:0:1: Beginning Domain Validation
[    3.031006] scsi target2:0:1: Domain Validation skipping write tests
[    3.034849] scsi target2:0:1: Ending Domain Validation
[    3.038235] scsi target2:0:1: asynchronous
[    3.046070] sd 2:0:0:0: [sda] 83886080 512-byte logical blocks: (42.9 GB/40.0 GiB)
[    3.050821] sd 2:0:0:0: [sda] Write Protect is off
[    3.053843] sd 2:0:0:0: [sda] Incomplete mode parameter data
[    3.057411] sd 2:0:0:0: [sda] Assuming drive cache: write through
[    3.061025] sd 2:0:0:0: Attached scsi generic sg0 type 0
[    3.067384] sd 2:0:1:0: Attached scsi generic sg1 type 0
[    3.073801]  sda: sda1
[    3.080085] sd 2:0:0:0: [sda] Attached SCSI disk
[    3.083306] sd 2:0:1:0: [sdb] 20480 512-byte logical blocks: (10.5 MB/10.0 MiB)
[    3.087887] sd 2:0:1:0: [sdb] Write Protect is off
[    3.090328] e1000 0000:00:08.0 eth1: (PCI:33MHz:32-bit) 08:00:27:72:a2:30
[    3.098832] e1000 0000:00:08.0 eth1: Intel(R) PRO/1000 Network Connection
[    3.099228] sd 2:0:1:0: [sdb] Incomplete mode parameter data
[    3.108570] sd 2:0:1:0: [sdb] Assuming drive cache: write through
[    3.115482] sd 2:0:1:0: [sdb] Attached SCSI disk
[    3.580024] e1000 0000:00:09.0 eth2: (PCI:33MHz:32-bit) 08:00:27:5d:74:f4
[    3.584007] e1000 0000:00:09.0 eth2: Intel(R) PRO/1000 Network Connection
[    3.590117] e1000 0000:00:08.0 enp0s8: renamed from eth1
[    3.611501] e1000 0000:00:09.0 enp0s9: renamed from eth2
[    3.636636] e1000 0000:00:03.0 enp0s3: renamed from eth0
Begin: Loading essential drivers ... [    5.779180] raid6: sse2x1   gen() 13805 MB/s
[    5.839743] raid6: sse2x1   xor()  9880 MB/s
[    5.895342] raid6: sse2x2   gen() 16199 MB/s
[    5.959241] raid6: sse2x2   xor() 12056 MB/s
[    6.017664] raid6: sse2x4   gen() 20113 MB/s
[    6.068103] raid6: sse2x4   xor()  9691 MB/s
[    6.133787] raid6: avx2x1   gen() 23954 MB/s
[    6.197237] raid6: avx2x1   xor() 19446 MB/s
[    6.256523] raid6: avx2x2   gen() 32946 MB/s
[    6.313559] raid6: avx2x2   xor() 20489 MB/s
[    6.366357] raid6: avx2x4   gen() 36352 MB/s
[    6.425376] raid6: avx2x4   xor() 21715 MB/s
[    6.430190] raid6: using algorithm avx2x4 gen() 36352 MB/s
[    6.433634] raid6: .... xor() 21715 MB/s, rmw enabled
[    6.437187] raid6: using avx2x2 recovery algorithm
[    6.441293] xor: automatically using best checksumming function   avx       
[    6.446631] async_tx: api initialized (async)
done.
Begin: Running /scripts/init-premount ... done.
Begin: Mounting root file system ... Begin: Running /scripts/local-top ... done.
Begin: Running /scripts/local-premount ... [    6.503172] Btrfs loaded, crc32c=crc32c-intel
Scanning for Btrfs filesystems
done.
Warning: fsck not present, so skipping root file system
[    6.536538] EXT4-fs (sda1): INFO: recovery required on readonly filesystem
[    6.540434] EXT4-fs (sda1): write access will be enabled during recovery
[    6.809906] EXT4-fs (sda1): orphan cleanup on readonly fs
[    6.813528] EXT4-fs (sda1): 6 orphan inodes deleted
[    6.816438] EXT4-fs (sda1): recovery complete
[    6.821059] EXT4-fs (sda1): mounted filesystem with ordered data mode. Opts: (null)
done.
Begin: Running /scripts/local-bottom ... done.
Begin: Running /scripts/init-bottom ... done.
[    7.009167] ip_tables: (C) 2000-2006 Netfilter Core Team
[    7.025356] systemd[1]: systemd 237 running in system mode. (+PAM +AUDIT +SELINUX +IMA +APPARMOR +SMACK +SYSVINIT +UTMP +LIBCRYPTSETUP +GCRYPT +GNUTLS +ACL +XZ +LZ4 +SECCOMP +BLKID +ELFUTILS +KMOD -IDN2 +IDN -PCRE2 default-hierarchy=hybrid)
[    7.037188] systemd[1]: Detected virtualization oracle.
[    7.040596] systemd[1]: Detected architecture x86-64.

Welcome to [1mUbuntu 18.04.6 LTS[0m!

[    7.058086] systemd[1]: Set hostname to <ubuntu-bionic>.
[    7.376741] systemd[1]: Reached target Mounting snaps.
[[0;32m  OK  [0m] Reached target Mounting snaps.
[    7.381195] systemd[1]: Set up automount Arbitrary Executable File Formats File System Automount Point.
[[0;32m  OK  [0m] Set up automount Arbitrary Executabâ€¦rmats File System Automount Point.
[    7.388480] systemd[1]: Reached target Mounted snaps.
[[0;32m  OK  [0m] Reached target Mounted snaps.
[    7.392951] systemd[1]: Started Forward Password Requests to Wall Directory Watch.
[[0;32m  OK  [0m] Started Forward Password Requests to Wall Directory Watch.
[    7.399713] systemd[1]: Reached target Swap.
[[0;32m  OK  [0m] Reached target Swap.
[    7.403313] systemd[1]: Reached target System Time Synchronized.
[[0;32m  OK  [0m] Reached target System Time Synchronized.
[[0;32m  OK  [0m] Created slice User and Session Slice.
[[0;32m  OK  [0m] Created slice System Slice.
[[0;32m  OK  [0m] Listening on Journal Audit Socket.
[[0;32m  OK  [0m] Listening on /dev/initctl Compatibility Named Pipe.
[[0;32m  OK  [0m] Listening on LVM2 metadata daemon socket.
[[0;32m  OK  [0m] Listening on fsck to fsckd communication Socket.
[[0;32m  OK  [0m] Listening on udev Control Socket.
[[0;32m  OK  [0m] Listening on udev Kernel Socket.
[[0;32m  OK  [0m] Listening on Journal Socket (/dev/log).
[[0;32m  OK  [0m] Listening on Device-mapper event daemon FIFOs.
[[0;32m  OK  [0m] Created slice system-serial\x2dgetty.slice.
[[0;32m  OK  [0m] Listening on Syslog Socket.
[[0;32m  OK  [0m] Reached target Slices.
[[0;32m  OK  [0m] Reached target User and Group Name Lookups.
[[0;32m  OK  [0m] Listening on LVM2 poll daemon socket.
[[0;32m  OK  [0m] Listening on Network Service Netlink Socket.
[[0;32m  OK  [0m] Listening on Journal Socket.
         Starting Set the console keyboard layout...
         Mounting POSIX Message Queue File System...
         Starting Uncomplicated firewall...
         Starting udev Coldplug all Devices...
         Starting Create list of required stâ€¦ce nodes for the current kernel...
         Starting Journal Service...
         Mounting Kernel Debug File System...
         Starting Load Kernel Modules...
         Starting Monitoring of LVM2 mirrorsâ€¦ng dmeventd or progress polling...
         Starting File System Check on Root Device...
         Mounting Huge Pages File System...
[[0;32m  OK  [0m] Mounted POSIX Message Queue File System.
[[0;32m  OK  [0m] Started Uncomplicated firewall.
[[0;32m  OK  [0m] Started Create list of required staâ€¦vice nodes for the current kernel.
[[0;32m  OK  [0m] Mounted Kernel Debug File System.
[[0;32m  OK  [0m] Mounted Huge Pages File System.
         Starting Create Static Device Nodes in /dev...
[    7.515768] Loading iSCSI transport class v2.0-870.
[[0;32m  OK  [0m] Started Journal Service.
[    7.527100] iscsi: registered transport (tcp)
[    7.547070] iscsi: registered transport (iser)
[[0;32m  OK  [0m] Started Load Kernel Modules.
         Starting Apply Kernel Variables...
         Mounting FUSE Control File System...
         Mounting Kernel Configuration File System...
[[0;32m  OK  [0m] Mounted Kernel Configuration File System.
[[0;32m  OK  [0m] Started udev Coldplug all Devices.
[[0;32m  OK  [0m] Mounted FUSE Control File System.
[[0;32m  OK  [0m] Started File System Check Daemon to report status.
[[0;32m  OK  [0m] Started Create Static Device Nodes in /dev.
[[0;32m  OK  [0m] Started File System Check on Root Device.
         Starting Remount Root and Kernel File Systems...
[[0;32m  OK  [0m] Started LVM2 metadata daemon.
[[0;32m  OK  [0m] Started Apply Kernel Variables.
[[0;32m  OK  [0m] Started Set the console keyboard layout.
[[0;32m  OK  [0m] Started Remount Root and Kernel File Systems.
         Starting Load/Save Random Seed...
         Starting Flush Journal to Persistent Storage...
         Starting udev Kernel Device Manager...
[[0;32m  OK  [0m] Started Monitoring of LVM2 mirrors,â€¦sing dmeventd or progress polling.
[[0;32m  OK  [0m] Started Load/Save Random Seed.
[[0;32m  OK  [0m] Reached target Local File Systems (Pre).
[[0;32m  OK  [0m] Reached target Local File Systems.
         Starting Tell Plymouth To Write Out Runtime Data...
         Starting Set console font and keymap...
         Starting AppArmor initialization...
         Starting ebtables ruleset management...
[[0;32m  OK  [0m] Started udev Kernel Device Manager.
[[0;32m  OK  [0m] Started Dispatch Password Requests to Console Directory Watch.
[[0;32m  OK  [0m] Reached target Local Encrypted Volumes.
[[0;32m  OK  [0m] Started Tell Plymouth To Write Out Runtime Data.
[[0;32m  OK  [0m] Started Set console font and keymap.
[[0;32m  OK  [0m] Started Flush Journal to Persistent Storage.
         Starting Create Volatile Files and Directories...
[[0;32m  OK  [0m] Started Create Volatile Files and Directories.
         Starting Update UTMP about System Boot/Shutdown...
[[0;32m  OK  [0m] Started ebtables ruleset management.
[[0;32m  OK  [0m] Started Update UTMP about System Boot/Shutdown.
[[0;32m  OK  [0m] Found device /dev/ttyS0.
[[0;32m  OK  [0m] Listening on Load/Save RF Kill Switch Status /dev/rfkill Watch.
[[0;32m  OK  [0m] Started AppArmor initialization.
         Starting Load AppArmor profiles managed internally by snapd...
         Starting Initial cloud-init job (pre-networking)...
         Mounting Arbitrary Executable File Formats File System...
[[0;32m  OK  [0m] Mounted Arbitrary Executable File Formats File System.
[[0;32m  OK  [0m] Started Load AppArmor profiles managed internally by snapd.
[    9.523338] cloud-init[555]: Cloud-init v. 23.1.1-0ubuntu0~18.04.1 running 'init-local' at Thu, 27 Apr 2023 16:03:55 +0000. Up 9.33 seconds.
[[0;32m  OK  [0m] Started Initial cloud-init job (pre-networking).
[[0;32m  OK  [0m] Reached target Network (Pre).
         Starting Network Service...
[[0;32m  OK  [0m] Started Network Service.
         Starting Wait for Network to be Configured...
         Starting Network Name Resolution...
[[0;32m  OK  [0m] Started Network Name Resolution.
[[0;32m  OK  [0m] Reached target Network.
[[0;32m  OK  [0m] Reached target Host and Network Name Lookups.
[[0;32m  OK  [0m] Started Wait for Network to be Configured.
         Starting Initial cloud-init job (metadata service crawler)...
[   11.970691] cloud-init[675]: Cloud-init v. 23.1.1-0ubuntu0~18.04.1 running 'init' at Thu, 27 Apr 2023 16:03:57 +0000. Up 11.81 seconds.
[   11.973731] cloud-init[675]: ci-info: ++++++++++++++++++++++++++++++++++++++Net device info+++++++++++++++++++++++++++++++++++++++
[   11.977011] cloud-init[675]: ci-info: +--------+------+-----------------------------+---------------+--------+-------------------+
[   11.980012] cloud-init[675]: ci-info: | Device |  Up  |           Address           |      Mask     | Scope  |     Hw-Address    |
[   11.983515] cloud-init[675]: ci-info: +--------+------+-----------------------------+---------------+--------+-------------------+
[   11.986818] cloud-init[675]: ci-info: | enp0s3 | True |          10.0.2.15          | 255.255.255.0 | global | 02:e1:6b:97:21:6b |
[   11.990711] cloud-init[675]: ci-info: | enp0s3 | True |  fe80::e1:6bff:fe97:216b/64 |       .       |  link  | 02:e1:6b:97:21:6b |
[   11.994305] cloud-init[675]: ci-info: | enp0s8 | True |        192.168.33.11        | 255.255.255.0 | global | 08:00:27:72:a2:30 |
[   11.997359] cloud-init[675]: ci-info: | enp0s8 | True | fe80::a00:27ff:fe72:a230/64 |       .       |  link  | 08:00:27:72:a2:30 |
[   12.000816] cloud-init[675]: ci-info: | enp0s9 | True |        192.168.0.103        | 255.255.255.0 | global | 08:00:27:5d:74:f4 |
[   12.004329] cloud-init[675]: ci-info: | enp0s9 | True | fe80::a00:27ff:fe5d:74f4/64 |       .       |  link  | 08:00:27:5d:74:f4 |
[   12.007717] cloud-init[675]: ci-info: |   lo   | True |          127.0.0.1          |   255.0.0.0   |  host  |         .         |
[   12.010928] cloud-init[675]: ci-info: |   lo   | True |           ::1/128           |       .       |  host  |         .         |
[   12.013890] cloud-init[675]: ci-info: +--------+------+-----------------------------+---------------+--------+-------------------+
[   12.016766] cloud-init[675]: ci-info: ++++++++++++++++++++++++++++++Route IPv4 info+++++++++++++++++++++++++++++++
[   12.019604] cloud-init[675]: ci-info: +-------+--------------+-------------+-----------------+-----------+-------+
[   12.022126] cloud-init[675]: ci-info: | Route | Destination  |   Gateway   |     Genmask     | Interface | Flags |
[   12.024664] cloud-init[675]: ci-info: +-------+--------------+-------------+-----------------+-----------+-------+
[   12.027740] cloud-init[675]: ci-info: |   0   |   0.0.0.0    |   10.0.2.2  |     0.0.0.0     |   enp0s3  |   UG  |
[   12.030463] cloud-init[675]: ci-info: |   1   |   0.0.0.0    | 192.168.0.1 |     0.0.0.0     |   enp0s9  |   UG  |
[   12.033345] cloud-init[675]: ci-info: |   2   |   10.0.2.0   |   0.0.0.0   |  255.255.255.0  |   enp0s3  |   U   |
[   12.035800] cloud-init[675]: ci-info: |   3   |   10.0.2.2   |   0.0.0.0   | 255.255.255.255 |   enp0s3  |   UH  |
[   12.038912] cloud-init[675]: ci-info: |   4   | 192.168.0.0  |   0.0.0.0   |  255.255.255.0  |   enp0s9  |   U   |
[   12.041421] cloud-init[675]: ci-info: |   5   | 192.168.0.1  |   0.0.0.0   | 255.255.255.255 |   enp0s9  |   UH  |
[   12.043867] cloud-init[675]: ci-info: |   6   | 192.168.33.0 |   0.0.0.0   |  255.255.255.0  |   enp0s8  |   U   |
[   12.046344] cloud-init[675]: ci-info: +-------+--------------+-------------+-----------------+-----------+-------+
[   12.048824] cloud-init[675]: ci-info: +++++++++++++++++++Route IPv6 info+++++++++++++++++++
[   12.051302] cloud-init[675]: ci-info: +-------+-------------+---------+-----------+-------+
[   12.053595] cloud-init[675]: ci-info: | Route | Destination | Gateway | Interface | Flags |
[   12.055773] cloud-init[675]: ci-info: +-------+-------------+---------+-----------+-------+
[   12.057769] cloud-init[675]: ci-info: |   1   |  fe80::/64  |    ::   |   enp0s9  |   U   |
[   12.059805] cloud-init[675]: ci-info: |   2   |  fe80::/64  |    ::   |   enp0s8  |   U   |
[   12.061891] cloud-init[675]: ci-info: |   3   |  fe80::/64  |    ::   |   enp0s3  |   U   |
[   12.063903] cloud-init[675]: ci-info: |   5   |    local    |    ::   |   enp0s3  |   U   |
[   12.066396] cloud-init[675]: ci-info: |   6   |    local    |    ::   |   enp0s9  |   U   |
[   12.068445] cloud-init[675]: ci-info: |   7   |    local    |    ::   |   enp0s8  |   U   |
[   12.070445] cloud-init[675]: ci-info: |   8   |   ff00::/8  |    ::   |   enp0s9  |   U   |
[   12.072484] cloud-init[675]: ci-info: |   9   |   ff00::/8  |    ::   |   enp0s8  |   U   |
[   12.074476] cloud-init[675]: ci-info: |   10  |   ff00::/8  |    ::   |   enp0s3  |   U   |
[   12.076508] cloud-init[675]: ci-info: +-------+-------------+---------+-----------+-------+
[[0;32m  OK  [0m] Started Initial cloud-init job (metadata service crawler).
[[0;32m  OK  [0m] Reached target Network is Online.
[[0;32m  OK  [0m] Reached target Remote File Systems (Pre).
         Starting Availability of block devices...
         Mounting /vagrant...
[[0;32m  OK  [0m] Reached target System Initialization.
[[0;32m  OK  [0m] Listening on Open-iSCSI iscsid Socket.
         Starting Socket activation for snappy daemon.
         Starting LXD - unix socket.
[[0;32m  OK  [0m] Listening on UUID daemon activation socket.
[[0;32m  OK  [0m] Started Message of the Day.
[[0;32m  OK  [0m] Started Ubuntu Advantage Timer for running repeated jobs.
[[0;32m  OK  [0m] Listening on ACPID Listen Socket.
[[0;32m  OK  [0m] Started Daily apt download activities.
[[0;32m  OK  [0m] Started Daily Cleanup of Temporary Directories.
[[0;32m  OK  [0m] Started Discard unused blocks once a week.
[[0;32m  OK  [0m] Started Daily apt upgrade and clean activities.
[[0;32m  OK  [0m] Listening on D-Bus System Message Bus Socket.
[[0;32m  OK  [0m] Started ACPI Events Check.
[[0;32m  OK  [0m] Reached target Paths.
[[0;32m  OK  [0m] Started Clean PHP session files every 30 mins.
[[0;32m  OK  [0m] Reached target Timers.
[[0;32m  OK  [0m] Listening on cloud-init hotplug hook socket.
[[0;32m  OK  [0m] Reached target Cloud-config availability.
[[0;32m  OK  [0m] Listening on Socket activation for snappy daemon.
[[0;32m  OK  [0m] Listening on LXD - unix socket.
[[0;32m  OK  [0m] Reached target Sockets.
[[0;32m  OK  [0m] Reached target Basic System.
         Starting Virtualbox guest utils...
[[0;32m  OK  [0m] Started irqbalance daemon.
         Starting System Logging Service...
         Starting MySQL Community Server...
         Starting Accounts Service...
[[0;32m  OK  [0m] Reached target Login Prompts (Pre).
         Starting Login Service...
         Starting Dispatcher daemon for systemd-networkd...
[[0;32m  OK  [0m] Started FUSE filesystem for LXC.
         Starting Snap Daemon...
         Starting LSB: Record successful boot for GRUB...
[[0;32m  OK  [0m] Started D-Bus System Message Bus.
[[0;32m  OK  [0m] Started Login Service.
[[0;32m  OK  [0m] Started Regular background program processing daemon.
[[0;32m  OK  [0m] Started Unattended Upgrades Shutdown.
         Starting LXD - container startup/shutdown...
[[0;32m  OK  [0m] Started Deferred execution scheduler.
         Starting OpenBSD Secure Shell server...
[[0;32m  OK  [0m] Started System Logging Service.
[[0;32m  OK  [0m] Started Availability of block devices.
[[0;32m  OK  [0m] Mounted /vagrant.
         Starting Authorization Manager...
[[0;32m  OK  [0m] Reached target Remote File Systems.
         Starting LSB: automatic crash report generation...
         Starting The Apache HTTP Server...
         Starting Permit User Sessions...
[[0;32m  OK  [0m] Started Permit User Sessions.
         Starting Terminate Plymouth Boot Screen...
         Starting Hold until boot process finishes up...
[[0;32m  OK  [0m] Started Hold until boot process finishes up.
[[0;32m  OK  [0m] Started Serial Getty on ttyS0.
         Starting Set console scheme...
[[0;32m  OK  [0m] Started Terminate Plymouth Boot Screen.
[[0;32m  OK  [0m] Started LSB: Record successful boot for GRUB.
[[0;32m  OK  [0m] Started Virtualbox guest utils.
[[0;32m  OK  [0m] Started Authorization Manager.
[[0;32m  OK  [0m] Started Accounts Service.
[[0;32m  OK  [0m] Started Set console scheme.
[[0;32m  OK  [0m] Created slice system-getty.slice.
[[0;32m  OK  [0m] Started Getty on tty1.
[[0;32m  OK  [0m] Reached target Login Prompts.
[[0;32m  OK  [0m] Started OpenBSD Secure Shell server.
[[0;32m  OK  [0m] Started LSB: automatic crash report generation.
[[0;32m  OK  [0m] Started LXD - container startup/shutdown.
[[0;32m  OK  [0m] Started Snap Daemon.
         Starting Wait until snapd is fully seeded...
         Starting Time & Date Service...
[[0;32m  OK  [0m] Started Dispatcher daemon for systemd-networkd.
[[0;32m  OK  [0m] Started Time & Date Service.
[[0;32m  OK  [0m] Started The Apache HTTP Server.
[[0;32m  OK  [0m] Started Wait until snapd is fully seeded.
         Starting Apply the settings specified in cloud-config...
[[0;32m  OK  [0m] Started MySQL Community Server.
[   14.661541] cloud-init[1165]: Cloud-init v. 23.1.1-0ubuntu0~18.04.1 running 'modules:config' at Thu, 27 Apr 2023 16:04:00 +0000. Up 14.52 seconds.
[[0;32m  OK  [0m] Started Apply the settings specified in cloud-config.
[[0;32m  OK  [0m] Reached target Multi-User System.
[[0;32m  OK  [0m] Reached target Graphical Interface.
         Starting Execute cloud user/final scripts...
         Starting Update UTMP about System Runlevel Changes...
[[0;32m  OK  [0m] Started Update UTMP about System Runlevel Changes.
[   15.265486] cloud-init[1222]: Cloud-init v. 23.1.1-0ubuntu0~18.04.1 running 'modules:final' at Thu, 27 Apr 2023 16:04:01 +0000. Up 15.13 seconds.
[   15.269627] cloud-init[1222]: Cloud-init v. 23.1.1-0ubuntu0~18.04.1 finished at Thu, 27 Apr 2023 16:04:01 +0000. Datasource DataSourceNoCloud [seed=/dev/sdb][dsmode=net].  Up 15.25 seconds
[[0;32m  OK  [0m] Started Execute cloud user/final scripts.
[[0;32m  OK  [0m] Reached target Cloud-init target.

Ubuntu 18.04.6 LTS ubuntu-bionic ttyS0

ubuntu-bionic login: 